SOURCELONG:IdleNexus Gaming	SOURCESHORT:IG	SOURCEWEB:http://www.idlenexus.net	SOURCEDATE:2015-08

Strong Magical Lineage		KEY:Trait ~ Strong Magical Lineage		CATEGORY:Special Ability	TYPE:Trait.BasicTrait.MagicTrait			PREMULT:1,[PREABILITY:1,CATEGORY=Special Ability,Trait ~ Strong Magical Lineage],[PREABILITY:1,CATEGORY=Special Ability,Trait ~ Magical Lineage]		DESC:Your other parent was also a gifted spellcaster who not only used metamagic often, but developed many magical items and perhaps even a new spell or two--and you have inherited a fragment of this greatness. When you apply metamagic feats to %1, treat its actual level as 1 lower for determining the spell's final adjusted level. This homebrew trait overrides the trait selection category limit and by granting you more than one magic trait.|%LIST																								STACK:NO	MULT:YES	CHOOSE:NUMCHOICES=1|SPELLS|SPELLTYPE=Arcane|SPELLTYPE=Divine		ABILITY:FEAT|AUTOMATIC|Magical Lineage ~ Metamagic																																	SOURCEPAGE:p.329

#Strong Magical Lineage		KEY:Strong Magical Lineage ~ Metamagic	CATEGORY:FEAT									VISIBLE:NO																																																																																																																																ADDSPELLLEVEL:-1
