SOURCELONG:IdleNexus Gaming	SOURCESHORT:IG	SOURCEWEB:http://www.idlenexus.net	SOURCEDATE:2015-08

Magical Lineage - Draconic		KEY:Trait ~ Magical Lineage - Draconic		CATEGORY:Special Ability	TYPE:Trait.BasicTrait.MagicTrait			PREMULT:1,[PREABILITY:1,CATEGORY=Special Ability,Trait ~ Magical Lineage - Draconic],[PREMULT:2,[PREABILITY:1,CATEGORY=Special Ability,Trait ~ Magical Lineage],[PRETEMPLATE:1,Awakened Dragon]]	DESC:The dragon blood coursing through your veins has augmented the magical prowess you inhereted from your parent. When you apply metamagic feats to %1, treat its actual level as 1 lower for determining the spell's final adjusted level. This house ruled option grants you an additional magical trait, overriding the trait selection category limit.|%LIST																								STACK:NO	MULT:YES	CHOOSE:NUMCHOICES=1|SPELLS|SPELLTYPE=Arcane|SPELLTYPE=Divine		ABILITY:FEAT|AUTOMATIC|Magical Lineage ~ Metamagic																																	SOURCEPAGE:p.329

Magical Lineage - Draconic	KEY:Magical Lineage - Draconic ~ Metamagic	CATEGORY:FEAT		VISIBLE:NO	ADDSPELLLEVEL:-1
